// Jest Snapshot v1, https://goo.gl/fbAQLP

exports[`SearchBar renders 1`] = `
<div>
  <header
    class="header"
  >
    <a
      href="/"
    >
      <img
        alt="MercadoLibre"
        class="imagenLogo"
        data-nimg="1"
        decoding="async"
        height="40"
        loading="lazy"
        src="/_next/image?url=%2Fimg.jpg&w=96&q=75"
        srcset="/_next/image?url=%2Fimg.jpg&w=48&q=75 1x, /_next/image?url=%2Fimg.jpg&w=96&q=75 2x"
        style="color: transparent;"
        width="40"
      />
    </a>
    <input
      class="searchBox"
      placeholder="Busca productos, marcas y mÃ¡s..."
      value=""
    />
    <button>
      <img
        alt="Search"
        class="imagenSearch"
        data-nimg="1"
        decoding="async"
        height="40"
        loading="lazy"
        src="/_next/image?url=%2Fimg.jpg&w=96&q=75"
        srcset="/_next/image?url=%2Fimg.jpg&w=48&q=75 1x, /_next/image?url=%2Fimg.jpg&w=96&q=75 2x"
        style="color: transparent;"
        width="40"
      />
    </button>
  </header>
</div>
`;
