// Jest Snapshot v1, https://goo.gl/fbAQLP

exports[`Breadcrumb renders 1`] = `
<div>
  <nav
    class="container"
  >
    <a
      class="link"
      href="/items?search=first"
    >
      first
    </a>
    <img
      alt="Arrow"
      class="imagenChevron"
      data-nimg="1"
      decoding="async"
      height="10"
      loading="lazy"
      src="/_next/image?url=%2Fimg.jpg&w=32&q=75"
      srcset="/_next/image?url=%2Fimg.jpg&w=16&q=75 1x, /_next/image?url=%2Fimg.jpg&w=32&q=75 2x"
      style="color: transparent;"
      width="10"
    />
    <span>
      second
    </span>
  </nav>
</div>
`;
